[ds-bluewhale.co.kr/index.html]
[backblue.gif]
[fade.gif]
[index.html]
[www.googleadservices.com/pagead/f.txt]
[ds-bluewhale.co.kr/index.html]
[wcs.naver.net/wcslog.js]
[ds-bluewhale.co.kr/mobile/index.html]
[ds-bluewhale.co.kr/website/index.html]
[ds-bluewhale.co.kr/mobile/css/swiper.min.css]
[ds-bluewhale.co.kr/mobile/img/call.png]
[ds-bluewhale.co.kr/mobile/css/m.css]
[ds-bluewhale.co.kr/mobile/index-2.html]
[ds-bluewhale.co.kr/mobile/img/top_home.png]
[ds-bluewhale.co.kr/mobile/img/top_tel.png]
[ds-bluewhale.co.kr/mobile/menu/menu01.jpg]
[ds-bluewhale.co.kr/mobile/menu/menu02.jpg]
[ds-bluewhale.co.kr/mobile/planning.html]
[ds-bluewhale.co.kr/mobile/invest.html]
[ds-bluewhale.co.kr/mobile/menu/menu03.jpg]
[ds-bluewhale.co.kr/mobile/complex.html]
[ds-bluewhale.co.kr/mobile/menu/menu04.jpg]
[code.jquery.com/jquery-latest.js]
[ds-bluewhale.co.kr/mobile/js.html]
[ds-bluewhale.co.kr/mobile/menu/menu05.jpg]
[ds-bluewhale.co.kr/mobile/guest.html]
[ds-bluewhale.co.kr/mobile/menu/menu06.jpg]
[ds-bluewhale.co.kr/mobile/img/main-bg.jpg]
[ds-bluewhale.co.kr/mobile/img/00.png]
[ds-bluewhale.co.kr/mobile/img/01.png]
[ds-bluewhale.co.kr/mobile/img/02.png]
[ds-bluewhale.co.kr/mobile/img/03.png]
[ds-bluewhale.co.kr/mobile/img/04.png]
[ds-bluewhale.co.kr/mobile/img/bin2.png]
[ds-bluewhale.co.kr/mobile/img/open.jpg]
[ds-bluewhale.co.kr/mobile/img/footer01.jpg]
[ds-bluewhale.co.kr/mobile/img/footer02.jpg]
[ds-bluewhale.co.kr/mobile/img/footer03.jpg]
[ds-bluewhale.co.kr/mobile/img/footer.jpg]
[ds-bluewhale.co.kr/mobile/js/swiper.min.js]
[ds-bluewhale.co.kr/mobile/index.html]
[ds-bluewhale.co.kr/website/css/theartpixel.css]
[ds-bluewhale.co.kr/ico/ico.ico]
[ds-bluewhale.co.kr/website/js/global.js]
[ds-bluewhale.co.kr/website/js/app.js]
[ds-bluewhale.co.kr/website/index-2.html]
[ds-bluewhale.co.kr/website/img/logo.png]
[ds-bluewhale.co.kr/website/planning.html]
[ds-bluewhale.co.kr/website/brand.html]
[ds-bluewhale.co.kr/website/pr.html]
[ds-bluewhale.co.kr/website/js/jquery.min.js]
[ds-bluewhale.co.kr/website/js/tw.min.js]
[ds-bluewhale.co.kr/website/contact.html]
[ds-bluewhale.co.kr/website/invest.html]
[ds-bluewhale.co.kr/website/location.html]
[ds-bluewhale.co.kr/website/vision.html]
[ds-bluewhale.co.kr/website/complex.html]
[ds-bluewhale.co.kr/website/complex2.html]
[ds-bluewhale.co.kr/website/shopping.html]
[ds-bluewhale.co.kr/website/js.html]
[ds-bluewhale.co.kr/website/dormitory.html]
[ds-bluewhale.co.kr/website/floor.html]
[ds-bluewhale.co.kr/website/floor2.html]
[ds-bluewhale.co.kr/website/vr.html]
[ds-bluewhale.co.kr/website/guest.html]
[ds-bluewhale.co.kr/website/notice.html]
[ds-bluewhale.co.kr/website/news.html]
[ds-bluewhale.co.kr/website/gongo.html]
[ds-bluewhale.co.kr/website/img/int-txt01.png]
[ds-bluewhale.co.kr/website/img/banner-intro.png]
[ds-bluewhale.co.kr/website/img/banner-program.png]
[ds-bluewhale.co.kr/website/img/ar-left.png]
[ds-bluewhale.co.kr/website/img/icon01.png]
[ds-bluewhale.co.kr/website/img/icon02.png]
[ds-bluewhale.co.kr/website/img/icon03.png]
[ds-bluewhale.co.kr/website/img/icon04.png]
[ds-bluewhale.co.kr/website/img/ar-right.png]
[ds-bluewhale.co.kr/website/img/banner-guide.png]
[ds-bluewhale.co.kr/website/img/ori.png]
[ds-bluewhale.co.kr/website/img/main01.jpg]
[ds-bluewhale.co.kr/website/img/main-txt01.png]
[ds-bluewhale.co.kr/website/img/main02.jpg]
[ds-bluewhale.co.kr/website/img/main-txt02.png]
[ds-bluewhale.co.kr/website/img/main03.jpg]
[ds-bluewhale.co.kr/website/img/main-txt03.png]
[ds-bluewhale.co.kr/website/img/main04.jpg]
[ds-bluewhale.co.kr/website/img/main-txt04.png]
[ds-bluewhale.co.kr/website/img/open.png]
[ds-bluewhale.co.kr/website/img/footer.png]
[ds-bluewhale.co.kr/website/index.html]
[ds-bluewhale.co.kr/mobile/css/swiper.min.css]
[ds-bluewhale.co.kr/mobile/css/m.css]
[ds-bluewhale.co.kr/mobile/index-2.html]
[ds-bluewhale.co.kr/mobile/img/sub-top.png]
[ds-bluewhale.co.kr/mobile/brand.html]
[ds-bluewhale.co.kr/mobile/pr.html]
[ds-bluewhale.co.kr/mobile/contact.html]
[ds-bluewhale.co.kr/website/img/sub-line.png]
[ds-bluewhale.co.kr/mobile/planning.html]
[ds-bluewhale.co.kr/website/sub/planning.jpg]
[ds-bluewhale.co.kr/mobile/location.html]
[ds-bluewhale.co.kr/mobile/vision.html]
[ds-bluewhale.co.kr/website/sub/invest.jpg]
[ds-bluewhale.co.kr/mobile/invest.html]
[ds-bluewhale.co.kr/mobile/complex2.html]
[ds-bluewhale.co.kr/mobile/shopping.html]
[ds-bluewhale.co.kr/website/sub/complex.jpg]
[ds-bluewhale.co.kr/mobile/complex.html]
[ds-bluewhale.co.kr/mobile/dormitory.html]
[ds-bluewhale.co.kr/mobile/floor.html]
[ds-bluewhale.co.kr/mobile/floor2.html]
[ds-bluewhale.co.kr/mobile/vr.html]
[ds-bluewhale.co.kr/website/sub/js.jpg]
[ds-bluewhale.co.kr/mobile/js.html]
[ds-bluewhale.co.kr/mobile/notice.html]
[ds-bluewhale.co.kr/mobile/news.html]
[ds-bluewhale.co.kr/mobile/gongo.html]
[ds-bluewhale.co.kr/board/bbs/writeb4f9.html]
[ds-bluewhale.co.kr/mobile/guest.html]
[ds-bluewhale.co.kr/website/css/font/font/NanumSquareR.eot]
[ds-bluewhale.co.kr/website/css/font/NanumSquareRd41d.eot]
[ds-bluewhale.co.kr/website/css/font/NanumSquareR.woff]
[ds-bluewhale.co.kr/website/css/font/NanumSquareR.ttf]
[ds-bluewhale.co.kr/website/css/font/NanumSquareB.eot]
[ds-bluewhale.co.kr/website/css/font/NanumSquareB.woff]
[ds-bluewhale.co.kr/website/css/font/NanumSquareBd41d.eot]
[ds-bluewhale.co.kr/website/css/font/NanumSquareB.ttf]
[ds-bluewhale.co.kr/website/css/font/NanumSquareEB.eot]
[ds-bluewhale.co.kr/website/css/font/NanumSquareEB.woff]
[ds-bluewhale.co.kr/website/css/font/NanumSquareEBd41d.eot]
[ds-bluewhale.co.kr/website/css/font/NanumSquareEB.ttf]
[ds-bluewhale.co.kr/website/css/font/NanumSquareL.eot]
[ds-bluewhale.co.kr/website/css/font/NanumSquareL.woff]
[ds-bluewhale.co.kr/website/css/font/NanumSquareLd41d.eot]
[ds-bluewhale.co.kr/website/css/font/NanumSquareL.ttf]
[ds-bluewhale.co.kr/website/css/font/NanumMyeongjo-Bold.74.delayed]
[ds-bluewhale.co.kr/website/css/font/NanumMyeongjo-Boldd41d.eot]
[ds-bluewhale.co.kr/website/css/font/NanumMyeongjo-Bold.txt]
[ds-bluewhale.co.kr/website/css/font/NanumMyeongjo-Bold-1.txt]
[ds-bluewhale.co.kr/website/css/font/NanumMyeongjo-Bold-2.txt]
[ds-bluewhale.co.kr/website/img/menu-over.png]
[ds-bluewhale.co.kr/website/img/int_bg2.jpg]
[ds-bluewhale.co.kr/website/img/snb-arr.png]
[ds-bluewhale.co.kr/website/img/snb-menu.png]
[ds-bluewhale.co.kr/website/img/int_bg.jpg]
[ds-bluewhale.co.kr/website/css/theartpixel.css]
[ds-bluewhale.co.kr/website/index-2.html]
[ds-bluewhale.co.kr/website/img/mv-txt.png]
[ds-bluewhale.co.kr/website/img/snb-home.png]
[ds-bluewhale.co.kr/website/planning.html]
[ds-bluewhale.co.kr/website/sub/brand.jpg]
[ds-bluewhale.co.kr/website/brand.html]
[ds-bluewhale.co.kr/website/pr.html]
[openapi.map.naver.com/openapi/v3/mapse8e7.js]
[ds-bluewhale.co.kr/website/sub/contact.jpg]
[ds-bluewhale.co.kr/website/contact.html]
[ds-bluewhale.co.kr/website/invest.html]
[ds-bluewhale.co.kr/website/sub/location.jpg]
[ds-bluewhale.co.kr/website/location.html]
[ds-bluewhale.co.kr/website/sub/vision.jpg]
[ds-bluewhale.co.kr/website/vision.html]
[ds-bluewhale.co.kr/website/complex.html]
[ds-bluewhale.co.kr/website/sub/complex2.jpg]
[ds-bluewhale.co.kr/website/complex2.html]
[ds-bluewhale.co.kr/website/sub/shopping.jpg]
[ds-bluewhale.co.kr/website/shopping.html]
[ds-bluewhale.co.kr/website/js.html]
[ds-bluewhale.co.kr/website/sub/dormitory.jpg]
[ds-bluewhale.co.kr/website/dormitory.html]
[ds-bluewhale.co.kr/website/sub/floor.jpg]
[ds-bluewhale.co.kr/website/sub/floor2.jpg]
[ds-bluewhale.co.kr/website/sub/floor3.jpg]
[ds-bluewhale.co.kr/website/sub/floor4.jpg]
[ds-bluewhale.co.kr/website/sub/floor5.jpg]
[ds-bluewhale.co.kr/website/sub/floor6.jpg]
[ds-bluewhale.co.kr/website/sub/floor7.jpg]
[ds-bluewhale.co.kr/website/sub/floor8.jpg]
[ds-bluewhale.co.kr/website/sub/floor9.jpg]
[ds-bluewhale.co.kr/website/sub/floor10.jpg]
[ds-bluewhale.co.kr/website/floor.html]
[ds-bluewhale.co.kr/website/sub/unit.jpg]
[ds-bluewhale.co.kr/website/sub/unit2.jpg]
[ds-bluewhale.co.kr/website/sub/unit3.jpg]
[ds-bluewhale.co.kr/website/sub/unit4.jpg]
[ds-bluewhale.co.kr/website/sub/unit5.jpg]
[ds-bluewhale.co.kr/website/sub/unit6.jpg]
[ds-bluewhale.co.kr/website/sub/unit7.jpg]
[ds-bluewhale.co.kr/website/sub/unit8.jpg]
[ds-bluewhale.co.kr/website/sub/unit9.jpg]
[ds-bluewhale.co.kr/website/sub/unit10.jpg]
[ds-bluewhale.co.kr/website/floor2.html]
[ds-bluewhale.co.kr/website/vr.html]
[ds-bluewhale.co.kr/vr/100/index.html]
[ds-bluewhale.co.kr/website/guest.html]
[ds-bluewhale.co.kr/vr/50/index.html]
[ds-bluewhale.co.kr/vr/20/index.html]
[ds-bluewhale.co.kr/board/bbs/board8497.html]
[ds-bluewhale.co.kr/website/notice.html]
[ds-bluewhale.co.kr/board/bbs/board71db.html]
[ds-bluewhale.co.kr/website/news.html]
[ds-bluewhale.co.kr/website/sub/gongo.jpg]
[ds-bluewhale.co.kr/data/gongo.pdf]
[ds-bluewhale.co.kr/website/gongo.html]
[ds-bluewhale.co.kr/board/bbs/login.html]
[ds-bluewhale.co.kr/admin/index.html]
[ds-bluewhale.co.kr/mobile/brand.html]
[ds-bluewhale.co.kr/mobile/pr.html]
[ds-bluewhale.co.kr/mobile/sub/contact.jpg]
[ds-bluewhale.co.kr/mobile/sub/contact1.jpg]
[ds-bluewhale.co.kr/mobile/sub/contact2.jpg]
[ds-bluewhale.co.kr/mobile/contact.html]
[ds-bluewhale.co.kr/mobile/location.html]
[ds-bluewhale.co.kr/mobile/vision.html]
[ds-bluewhale.co.kr/mobile/complex2.html]
[ds-bluewhale.co.kr/mobile/shopping.html]
[ds-bluewhale.co.kr/mobile/dormitory.html]
[ds-bluewhale.co.kr/mobile/floor.html]
[ds-bluewhale.co.kr/mobile/floor2.html]
[ds-bluewhale.co.kr/mobile/vr.html]
[ds-bluewhale.co.kr/mobile/notice.html]
[ds-bluewhale.co.kr/mobile/news.html]
[ds-bluewhale.co.kr/mobile/gongo.html]
[ds-bluewhale.co.kr/board/theme/basic/css/default0d2a.css]
[ds-bluewhale.co.kr/board/index.html]
[ds-bluewhale.co.kr/board/js/jquery.menu0d2a.js]
[ds-bluewhale.co.kr/board/bbs/index.html]
[ds-bluewhale.co.kr/board/js/common0d2a.js]
[ds-bluewhale.co.kr/board/js/wrest0d2a.js]
[dmaps.daum.net/map_js_init/postcode.v2.js]
[ds-bluewhale.co.kr/board/js/jquery-1.8.3.min.js]
[ds-bluewhale.co.kr/board/skin/board/guest/css/default.css]
[ds-bluewhale.co.kr/board/skin/board/guest/css/style.css]
[ds-bluewhale.co.kr/board/skin/board/guest/css/global3a8f.css]
[ds-bluewhale.co.kr/board/skin/board/guest/css/common.css]
[ds-bluewhale.co.kr/board/skin/board/guest/css2/common.css]
[ds-bluewhale.co.kr/board/skin/board/guest/css2/layout.css]
[ds-bluewhale.co.kr/board/bbs/writeb4f9.html]
[ds-bluewhale.co.kr/website/css/common.css]
[ds-bluewhale.co.kr/website/css/font/font/NanumSquareR.html]
[ds-bluewhale.co.kr/website/css/font/NanumMyeongjo-Bold.html]
[ds-bluewhale.co.kr/website/css/font/NanumMyeongjo-Boldd41d.html]
[ds-bluewhale.co.kr/website/css/font/NanumMyeongjo-Bold-2.html]
[ds-bluewhale.co.kr/website/css/font/NanumMyeongjo-Bold-1.html]
[ds-bluewhale.co.kr/website/css/font/NanumMyeongjo-Bold-3.html]
[ds-bluewhale.co.kr/board/skin/board/guest/css2/board.css]
[ds-bluewhale.co.kr/vr/100/index.html]
[ds-bluewhale.co.kr/vr/50/index.html]
[ds-bluewhale.co.kr/vr/100/tour.js]
[ds-bluewhale.co.kr/vr/20/index.html]
[ds-bluewhale.co.kr/vr/50/tour.js]
[ds-bluewhale.co.kr/board/bbs/board8497.html]
[ds-bluewhale.co.kr/board/bbs/board7f6f.html]
[ds-bluewhale.co.kr/board/skin/board/news/style0d2a.css]
[ds-bluewhale.co.kr/board/bbs/board5e7e.html]
[ds-bluewhale.co.kr/board/bbs/board80a0.html]
[ds-bluewhale.co.kr/board/skin/board/news/img/page_end.gif]
[ds-bluewhale.co.kr/board/bbs/board71db.html]
[ds-bluewhale.co.kr/vr/20/tour.js]
[ds-bluewhale.co.kr/board/skin/member/basic/style0d2a.css]
[ds-bluewhale.co.kr/board/skin/member/basic/img/bb_login.jpg]
[ds-bluewhale.co.kr/board/skin/member/basic/img/btn_login.jpg]
[ds-bluewhale.co.kr/board/bbs/login.html]
[ds-bluewhale.co.kr/board/theme/basic/img/gnb_bg00.gif]
[ds-bluewhale.co.kr/board/img/captcha.png]
[ds-bluewhale.co.kr/board/theme/basic/css/default0d2a.css]
[ds-bluewhale.co.kr/board/theme/basic/img/wrest.gif]
[ds-bluewhale.co.kr/board/theme/basic/skin/outlogin/basic/style0d2a.css]
[ds-bluewhale.co.kr/board/img/logo.jpg]
[ds-bluewhale.co.kr/board/img/ts01.gif]
[ds-bluewhale.co.kr/board/img/ts02.gif]
[ds-bluewhale.co.kr/board/img/ts03.gif]
[ds-bluewhale.co.kr/board/bbs/register.html]
[ds-bluewhale.co.kr/board/bbs/faq.html]
[ds-bluewhale.co.kr/board/bbs/qalist.html]
[ds-bluewhale.co.kr/board/bbs/current_connect.html]
[ds-bluewhale.co.kr/board/bbs/new.html]
[ds-bluewhale.co.kr/board/bbs/password_lost.html]
[ds-bluewhale.co.kr/board/bbs/boardb4f9.html]
[ds-bluewhale.co.kr/board/bbs/board996b.html]
[ds-bluewhale.co.kr/board/bbs/board4422.html]
[ds-bluewhale.co.kr/board/bbs/boardaaca.html]
[ds-bluewhale.co.kr/board/bbs/board7370.html]
[ds-bluewhale.co.kr/board/bbs/board8112.html]
[ds-bluewhale.co.kr/board/bbs/board5dbf.html]
[ds-bluewhale.co.kr/board/theme/basic/skin/latest/basic/img/icon_link.gif]
[ds-bluewhale.co.kr/board/bbs/board314b.html]
[ds-bluewhale.co.kr/board/bbs/board9f86.html]
[ds-bluewhale.co.kr/board/bbs/boarddd21.html]
[ds-bluewhale.co.kr/board/bbs/board66b8.html]
[ds-bluewhale.co.kr/board/img/ft.png]
[ds-bluewhale.co.kr/board/bbs/content8a20.html]
[ds-bluewhale.co.kr/board/bbs/content200d.html]
[ds-bluewhale.co.kr/board/index.html]
[ds-bluewhale.co.kr/board/bbs/index.html]
[ds-bluewhale.co.kr/board/bbs/content02b1.html]
[ds-bluewhale.co.kr/board/skin/board/guest/img/gnb_bg00.gif]
[ds-bluewhale.co.kr/board/skin/board/guest/plugin/kcaptcha/img/sound.gif]
[ds-bluewhale.co.kr/board/skin/board/guest/plugin/kcaptcha/img/reload.gif]
[ds-bluewhale.co.kr/board/skin/board/guest/img/wrest.gif]
[ds-bluewhale.co.kr/board/skin/board/guest/css/default.css]
[ds-bluewhale.co.kr/board/skin/board/guest/css/style.css]
[ds-bluewhale.co.kr/board/skin/board/guest/font/notokr-thin.eot]
[ds-bluewhale.co.kr/board/skin/board/guest/font/notokr-thin.woff]
[ds-bluewhale.co.kr/board/skin/board/guest/font/notokr-light.eot]
[ds-bluewhale.co.kr/board/skin/board/guest/font/notokr-light.woff]
[ds-bluewhale.co.kr/board/skin/board/guest/font/notokr-regular.eot]
[ds-bluewhale.co.kr/board/skin/board/guest/font/notokr-regular.woff]
[ds-bluewhale.co.kr/board/skin/board/guest/font/notokr-medium.eot]
[ds-bluewhale.co.kr/board/skin/board/guest/font/notokr-medium.woff]
[ds-bluewhale.co.kr/board/skin/board/guest/font/notokr-bold.eot]
[ds-bluewhale.co.kr/board/skin/board/guest/font/notokr-bold.woff]
[ds-bluewhale.co.kr/board/skin/board/guest/font/notokr-black.eot]
[ds-bluewhale.co.kr/board/skin/board/guest/font/notokr-black.woff]
[ds-bluewhale.co.kr/board/skin/board/guest/font/OpenSans-Light.eot]
[ds-bluewhale.co.kr/board/skin/board/guest/font/OpenSans-Light.woff]
[ds-bluewhale.co.kr/board/skin/board/guest/font/OpenSans-Regular.eot]
[ds-bluewhale.co.kr/board/skin/board/guest/font/OpenSans-Regular.woff]
[ds-bluewhale.co.kr/board/skin/board/guest/font/OpenSans-Semibold.eot]
[ds-bluewhale.co.kr/board/skin/board/guest/font/OpenSans-Semibold.woff]
[ds-bluewhale.co.kr/board/skin/board/guest/font/OpenSans-Bold.eot]
[ds-bluewhale.co.kr/board/skin/board/guest/font/OpenSans-Bold.woff]
[ds-bluewhale.co.kr/board/skin/board/guest/font/fontawesome-webfont.f93e6e.delayed]
[ds-bluewhale.co.kr/board/skin/board/guest/font/fontawesome-webfontd41d.eot]
[ds-bluewhale.co.kr/board/skin/board/guest/font/fontawesome-webfont3e6e.woff2]
[ds-bluewhale.co.kr/board/skin/board/guest/font/fontawesome-webfont3e6e.woff]
[ds-bluewhale.co.kr/board/skin/board/guest/font/fontawesome-webfont3e6e.ttf]
[ds-bluewhale.co.kr/board/skin/board/guest/font/fontawesome-webfont3e6e.svg]
[ds-bluewhale.co.kr/board/skin/board/guest/images/ui-icons_444444_256x240.png]
[ds-bluewhale.co.kr/board/skin/board/guest/images/ui-icons_555555_256x240.png]
[ds-bluewhale.co.kr/board/skin/board/guest/images/ui-icons_ffffff_256x240.png]
[ds-bluewhale.co.kr/board/skin/board/guest/images/ui-icons_777620_256x240.png]
[ds-bluewhale.co.kr/board/skin/board/guest/images/ui-icons_cc0000_256x240.png]
[ds-bluewhale.co.kr/board/skin/board/guest/images/ui-icons_777777_256x240.png]
[ds-bluewhale.co.kr/board/skin/board/guest/images/fancybox_sprite.png]
[ds-bluewhale.co.kr/board/skin/board/guest/images/fancybox_loading.gif]
[ds-bluewhale.co.kr/board/skin/board/guest/images/blank.gif]
[ds-bluewhale.co.kr/board/skin/board/guest/images/fancybox_overlay.png]
[ds-bluewhale.co.kr/board/skin/board/guest/css/common.css]
[ds-bluewhale.co.kr/board/skin/board/guest/images/quick1.gif]
[ds-bluewhale.co.kr/board/skin/board/guest/images/quick2.gif]
[ds-bluewhale.co.kr/board/skin/board/guest/images/quick3.gif]
[ds-bluewhale.co.kr/board/skin/board/guest/images/tit-line.gif]
[ds-bluewhale.co.kr/board/skin/board/guest/images/space-prev.png]
[ds-bluewhale.co.kr/board/skin/board/guest/images/space-next.png]
[ds-bluewhale.co.kr/board/skin/board/guest/images/designer-bg_0623.gif]
[ds-bluewhale.co.kr/board/skin/board/guest/images/designer-bg.png]
[ds-bluewhale.co.kr/board/skin/board/guest/images/premium-bg.jpg]
[ds-bluewhale.co.kr/board/skin/board/guest/images/premium-prev.png]
[ds-bluewhale.co.kr/board/skin/board/guest/images/premium-next.png]
[ds-bluewhale.co.kr/board/skin/board/guest/images/board-arr.gif]
[ds-bluewhale.co.kr/board/skin/board/guest/images/element-bg2.jpg]
[ds-bluewhale.co.kr/board/skin/board/guest/images/svis1.jpg]
[ds-bluewhale.co.kr/board/skin/board/guest/images/snb-arr.gif]
[ds-bluewhale.co.kr/board/skin/board/guest/images/snb-menu.gif]
[ds-bluewhale.co.kr/board/skin/board/guest/images/sub-dot.gif]
[ds-bluewhale.co.kr/board/skin/board/guest/images/tab-on.gif]
[ds-bluewhale.co.kr/board/skin/board/guest/images/member-bg.jpg]
[ds-bluewhale.co.kr/board/skin/board/guest/css/global3a8f.css]
[ds-bluewhale.co.kr/board/skin/board/guest/css2/common.css]
[ds-bluewhale.co.kr/board/skin/board/guest/images/menu-bar.gif]
[ds-bluewhale.co.kr/board/skin/board/guest/images/smenu-bg.png]
[ds-bluewhale.co.kr/board/skin/board/guest/images/foot-logo.gif]
[ds-bluewhale.co.kr/board/skin/board/guest/css2/layout.css]
[ds-bluewhale.co.kr/board/skin/board/guest/css2/contents.css]
[ds-bluewhale.co.kr/board/skin/board/guest/css2/board.css]
[ds-bluewhale.co.kr/board/skin/board/notice/style0d2a.css]
[ds-bluewhale.co.kr/board/js/viewimageresize.js]
[ds-bluewhale.co.kr/board/bbs/board6f05.html]
[ds-bluewhale.co.kr/js/board.js]
[ds-bluewhale.co.kr/board/bbs/board7f6f.html]
[ds-bluewhale.co.kr/board/skin/board/news/style0d2a.css]
[ds-bluewhale.co.kr/board/bbs/board26c5.html]
[ds-bluewhale.co.kr/board/skin/board/news/img/page_begin.gif]
[ds-bluewhale.co.kr/board/bbs/board5e7e.html]
[ds-bluewhale.co.kr/board/bbs/board80a0.html]
[ds-bluewhale.co.kr/board/skin/member/basic/style0d2a.css]
[ds-bluewhale.co.kr/board/theme/basic/skin/connect/basic/style0d2a.css]
[ds-bluewhale.co.kr/board/theme/basic/skin/outlogin/basic/style0d2a.css]
[ds-bluewhale.co.kr/board/theme/basic/skin/latest/basic/style0d2a.css]
[ds-bluewhale.co.kr/board/theme/basic/skin/popular/basic/style0d2a.css]
[ds-bluewhale.co.kr/board/theme/basic/skin/visit/basic/style0d2a.css]
[ds-bluewhale.co.kr/board/bbs/board/bbs/register.php]
[ds-bluewhale.co.kr/board/bbs/register.html]
[ds-bluewhale.co.kr/board/skin/faq/basic/style0d2a.css]
[ds-bluewhale.co.kr/board/bbs/board/bbs/faq.php]
[ds-bluewhale.co.kr/board/bbs/faq.html]
[ds-bluewhale.co.kr/board/bbs/faq33b6.html]
[ds-bluewhale.co.kr/board/bbs/qalist.html]
[ds-bluewhale.co.kr/board/bbs/login41e3.html]
[ds-bluewhale.co.kr/board/bbs/board/bbs/current_connect.php]
[ds-bluewhale.co.kr/board/bbs/current_connect.html]
[ds-bluewhale.co.kr/board/bbs/board/bbs/new.php]
[ds-bluewhale.co.kr/board/bbs/new.html]
[ds-bluewhale.co.kr/board/bbs/password_lost.html]
[ds-bluewhale.co.kr/board/plugin/kcaptcha/index.html]
[ds-bluewhale.co.kr/board/plugin/kcaptcha/kcaptcha.js]
[ds-bluewhale.co.kr/board/bbs/boardb4f9.html]
[ds-bluewhale.co.kr/board/bbs/login96e4.html]
[ds-bluewhale.co.kr/board/bbs/board996b.html]
[ds-bluewhale.co.kr/board/bbs/login703e.html]
[ds-bluewhale.co.kr/board/bbs/board4422.html]
[ds-bluewhale.co.kr/board/bbs/loginf178.html]
[ds-bluewhale.co.kr/board/bbs/boardaaca.html]
[ds-bluewhale.co.kr/board/bbs/loginaefb.html]
[ds-bluewhale.co.kr/board/bbs/board7370.html]
[ds-bluewhale.co.kr/board/bbs/loginf465.html]
[ds-bluewhale.co.kr/board/bbs/board8112.html]
[ds-bluewhale.co.kr/board/bbs/login100e.html]
[ds-bluewhale.co.kr/board/bbs/board5dbf.html]
[ds-bluewhale.co.kr/board/bbs/login3f1b.html]
[ds-bluewhale.co.kr/board/bbs/board314b.html]
[ds-bluewhale.co.kr/board/bbs/logine30e.html]
[ds-bluewhale.co.kr/board/bbs/board9f86.html]
[ds-bluewhale.co.kr/board/bbs/loginb4a5.html]
[ds-bluewhale.co.kr/board/bbs/boarddd21.html]
[ds-bluewhale.co.kr/board/bbs/login2f93.html]
[ds-bluewhale.co.kr/board/bbs/board66b8.html]
[ds-bluewhale.co.kr/board/bbs/login0eea.html]
[ds-bluewhale.co.kr/board/bbs/content8a20.html]
[ds-bluewhale.co.kr/board/bbs/content200d.html]
[ds-bluewhale.co.kr/board/bbs/content02b1.html]
[ds-bluewhale.co.kr/board/skin/board/guest/img/gnb_bg00.html]
[ds-bluewhale.co.kr/board/skin/board/guest/plugin/kcaptcha/img/sound.html]
[ds-bluewhale.co.kr/board/skin/board/guest/plugin/kcaptcha/img/reload.html]
[ds-bluewhale.co.kr/board/skin/board/guest/img/wrest.html]
[ds-bluewhale.co.kr/board/skin/board/guest/font/notokr-thin.html]
[ds-bluewhale.co.kr/board/skin/board/guest/font/notokr-thin-2.html]
[ds-bluewhale.co.kr/board/skin/board/guest/font/notokr-light.html]
[ds-bluewhale.co.kr/board/skin/board/guest/font/notokr-light-2.html]
[ds-bluewhale.co.kr/board/skin/board/guest/font/notokr-regular.html]
[ds-bluewhale.co.kr/board/skin/board/guest/font/notokr-medium.html]
[ds-bluewhale.co.kr/board/skin/board/guest/font/notokr-medium-2.html]
[ds-bluewhale.co.kr/board/skin/board/guest/font/notokr-bold.html]
[ds-bluewhale.co.kr/board/skin/board/guest/font/notokr-black.html]
[ds-bluewhale.co.kr/board/skin/board/guest/font/notokr-black-2.html]
[ds-bluewhale.co.kr/board/skin/board/guest/font/OpenSans-Light.html]
[ds-bluewhale.co.kr/board/skin/board/guest/font/OpenSans-Light-2.html]
[ds-bluewhale.co.kr/board/skin/board/guest/font/OpenSans-Regular.html]
[ds-bluewhale.co.kr/board/skin/board/guest/font/OpenSans-Semibold.html]
[ds-bluewhale.co.kr/board/skin/board/guest/font/OpenSans-Semibold-2.html]
[ds-bluewhale.co.kr/board/skin/board/guest/font/OpenSans-Bold.html]
[ds-bluewhale.co.kr/board/skin/board/guest/font/fontawesome-webfont3e6e.html]
[ds-bluewhale.co.kr/board/skin/board/guest/font/fontawesome-webfontd41d.html]
[ds-bluewhale.co.kr/board/skin/board/guest/font/fontawesome-webfont3e6e-2.html]
[ds-bluewhale.co.kr/board/skin/board/guest/font/fontawesome-webfont3e6e-3.html]
[ds-bluewhale.co.kr/board/skin/board/guest/font/fontawesome-webfont3e6e-4.html]
[ds-bluewhale.co.kr/board/skin/board/guest/font/fontawesome-webfont3e6e-5.html]
[ds-bluewhale.co.kr/board/skin/board/guest/images/ui-icons_444444_256x240.html]
[ds-bluewhale.co.kr/board/skin/board/guest/images/ui-icons_555555_256x240.html]
[ds-bluewhale.co.kr/board/skin/board/guest/images/ui-icons_ffffff_256x240.html]
[ds-bluewhale.co.kr/board/skin/board/guest/images/ui-icons_777620_256x240.html]
[ds-bluewhale.co.kr/board/skin/board/guest/images/ui-icons_cc0000_256x240.html]
[ds-bluewhale.co.kr/board/skin/board/guest/images/ui-icons_777777_256x240.html]
[ds-bluewhale.co.kr/board/skin/board/guest/images/fancybox_sprite.html]
[ds-bluewhale.co.kr/board/skin/board/guest/images/fancybox_loading.html]
[ds-bluewhale.co.kr/board/skin/board/guest/images/blank.html]
[ds-bluewhale.co.kr/board/skin/board/guest/images/fancybox_overlay.html]
[ds-bluewhale.co.kr/board/skin/board/guest/images/quick1.html]
[ds-bluewhale.co.kr/board/skin/board/guest/images/quick2.html]
[ds-bluewhale.co.kr/board/skin/board/guest/images/quick3.html]
[ds-bluewhale.co.kr/board/skin/board/guest/images/tit-line.html]
[ds-bluewhale.co.kr/board/skin/board/guest/images/space-prev.html]
[ds-bluewhale.co.kr/board/skin/board/guest/images/space-next.html]
[ds-bluewhale.co.kr/board/skin/board/guest/images/designer-bg_0623.html]
[ds-bluewhale.co.kr/board/skin/board/guest/images/designer-bg.html]
[ds-bluewhale.co.kr/board/skin/board/guest/images/premium-bg.html]
[ds-bluewhale.co.kr/board/skin/board/guest/images/premium-prev.html]
[ds-bluewhale.co.kr/board/skin/board/guest/images/premium-next.html]
[ds-bluewhale.co.kr/board/skin/board/guest/images/board-arr.html]
[ds-bluewhale.co.kr/board/skin/board/guest/images/element-bg2.html]
[ds-bluewhale.co.kr/board/skin/board/guest/images/svis1.html]
[ds-bluewhale.co.kr/board/skin/board/guest/images/snb-arr.html]
[ds-bluewhale.co.kr/board/skin/board/guest/images/snb-menu.html]
[ds-bluewhale.co.kr/board/skin/board/guest/images/sub-dot.html]
[ds-bluewhale.co.kr/board/skin/board/guest/images/tab-on.html]
[ds-bluewhale.co.kr/board/skin/board/guest/images/member-bg.html]
[ds-bluewhale.co.kr/board/skin/board/guest/images/menu-bar.html]
[ds-bluewhale.co.kr/board/skin/board/guest/images/smenu-bg.html]
[ds-bluewhale.co.kr/board/skin/board/guest/images/foot-logo.html]
[ds-bluewhale.co.kr/board/skin/board/notice/style0d2a.css]
[ds-bluewhale.co.kr/board/bbs/board6f05.html]
[ds-bluewhale.co.kr/js/board.html]
[ds-bluewhale.co.kr/board/bbs/board26c5.html]
[ds-bluewhale.co.kr/board/bbs/board/bbs/register.html]
[ds-bluewhale.co.kr/board/skin/faq/basic/style0d2a.css]
[ds-bluewhale.co.kr/board/bbs/board/bbs/faq.html]
[ds-bluewhale.co.kr/board/bbs/faq33b6.html]
[ds-bluewhale.co.kr/board/bbs/http_/ds-bluewhale.co.kr/board/bbs/qalist.php]
[ds-bluewhale.co.kr/board/bbs/login41e3.html]
[ds-bluewhale.co.kr/board/skin/connect/basic/style0d2a.css]
[ds-bluewhale.co.kr/board/bbs/board/bbs/current_connect.html]
[ds-bluewhale.co.kr/board/skin/new/basic/style0d2a.css]
[ds-bluewhale.co.kr/board/bbs/board/bbs/new.html]
[ds-bluewhale.co.kr/board/plugin/kcaptcha/index.html]
[ds-bluewhale.co.kr/board/bbs/login96e4.html]
[ds-bluewhale.co.kr/board/bbs/login703e.html]
[ds-bluewhale.co.kr/board/bbs/loginf178.html]
[ds-bluewhale.co.kr/board/bbs/loginaefb.html]
[ds-bluewhale.co.kr/board/bbs/loginf465.html]
[ds-bluewhale.co.kr/board/bbs/login100e.html]
[ds-bluewhale.co.kr/board/bbs/login3f1b.html]
[ds-bluewhale.co.kr/board/bbs/logine30e.html]
[ds-bluewhale.co.kr/board/bbs/loginb4a5.html]
[ds-bluewhale.co.kr/board/bbs/login2f93.html]
[ds-bluewhale.co.kr/board/bbs/login0eea.html]
[ds-bluewhale.co.kr/board/skin/content/basic/style0d2a.css]
[ds-bluewhale.co.kr/board/bbs/http_/ds-bluewhale.co.kr/board/bbs/qalist.html]
